cargo :     Checking MacroNest v1.0.0 (D:\app\MacroNest)
At line:1 char:1
+ cargo check --color=never 2> errors.txt
+ ~~~~~~~~~~~~~~~~~~~~~~~~~~~~~~~~~~~~~~~
    + CategoryInfo          : NotSpecified: (    Checking Ma...\app\MacroNest):String) [], RemoteException
    + FullyQualifiedErrorId : NativeCommandError
 
error[E0425]: cannot find value `hint_color` in this scope
    --> src\ui\macro_panel.rs:4897:154
     |
4897 | ...                   .hint_text(RichText::new(Self::tr_lang(language, "set variable", "g├ín 
biß║┐n")).color(hint_color).weak()),
     |                                                                                                           
^^^^^^^^^^ not found in this scope

error[E0425]: cannot find value `hint_color` in this scope
    --> src\ui\macro_panel.rs:5061:150
     |
5061 | ...                   .hint_text(RichText::new(Self::tr_lang(language, "value/expr", "gi├í 
trß╗ï")).color(hint_color).weak()),
     |                                                                                                        
^^^^^^^^^^ not found in this scope

error[E0425]: cannot find value `hint_color` in this scope
    --> src\ui\macro_panel.rs:5122:139
     |
5122 | ...                   .hint_text(RichText::new(Self::tr_lang(language, "A,S,W,D", 
"A,S,W,D")).color(hint_color).italics()),
     |                                                                                                     ^^^^^^^^^^ 
not found in this scope

error[E0425]: cannot find value `hint_color` in this scope
    --> src\ui\macro_panel.rs:5162:78
     |
5162 | ...                   .color(hint_color)
     |                              ^^^^^^^^^^ not found in this scope

error[E0425]: cannot find value `hint_color` in this scope
    --> src\ui\macro_panel.rs:5191:154
     |
5191 | ...                   .hint_text(RichText::new(Self::tr_lang(language, "variable", 
"biß║┐n")).color(hint_color).weak()),
     |                                                                                                   ^^^^^^^^^^ 
not found in this scope

error[E0425]: cannot find value `hint_color` in this scope
    --> src\ui\macro_panel.rs:5216:159
     |
5216 | ...                   .hint_text(RichText::new(Self::tr_lang(language, "value/expr", "gi├í 
trß╗ï")).color(hint_color).weak()),
     |                                                                                                        
^^^^^^^^^^ not found in this scope

error[E0425]: cannot find value `hint_color` in this scope
    --> src\ui\macro_panel.rs:5246:158
     |
5246 | ...                   .hint_text(RichText::new(Self::tr_lang(language, "Stop key", "Stop 
key")).color(hint_color).italics()),
     |                                                                                                       
^^^^^^^^^^ not found in this scope

error[E0425]: cannot find value `hint_color` in this scope
    --> src\ui\macro_panel.rs:5378:156
     |
5378 | ...   .hint_text(RichText::new(Self::tr_lang(language, "Text override", "Ghi ─æ├¿ v─ân 
bß║ún")).color(hint_color).italics()),
     |                                                                                                  ^^^^^^^^^^ not 
found in this scope

error[E0425]: cannot find value `hint_color` in this scope
    --> src\ui\macro_panel.rs:5393:154
     |
5393 | ...                   .hint_text(RichText::new(Self::tr_lang(language, "Text to type", "Text to 
type")).color(hint_color).italics()),
     |                                                                                                               
^^^^^^^^^^ not found in this scope

error[E0425]: cannot find value `hint_color` in this scope
    --> src\ui\macro_panel.rs:5493:150
     |
5493 | ...                   .hint_text(RichText::new(Self::tr_lang(language, "variable", 
"biß║┐n")).color(hint_color).weak()),
     |                                                                                                   ^^^^^^^^^^ 
not found in this scope

error[E0425]: cannot find value `hint_color` in this scope
    --> src\ui\macro_panel.rs:5519:159
     |
5519 | ...                   .hint_text(RichText::new(Self::tr_lang(language, "value/expr", "gi├í 
trß╗ï")).color(hint_color).weak()),
     |                                                                                                        
^^^^^^^^^^ not found in this scope

error[E0425]: cannot find value `hint_color` in this scope
    --> src\ui\macro_panel.rs:5631:150
     |
5631 | ...                   .hint_text(RichText::new(Self::tr_lang(language, "variable", 
"biß║┐n")).color(hint_color).weak()),
     |                                                                                                   ^^^^^^^^^^ 
not found in this scope

error[E0425]: cannot find value `hint_color` in this scope
    --> src\ui\macro_panel.rs:5646:155
     |
5646 | ...                   .hint_text(RichText::new(Self::tr_lang(language, "value/expr", "gi├í 
trß╗ï")).color(hint_color).weak()),
     |                                                                                                        
^^^^^^^^^^ not found in this scope

error[E0425]: cannot find value `hint_color` in this scope
    --> src\ui\macro_panel.rs:5725:154
     |
5725 | ...                   .hint_text(RichText::new(Self::tr_lang(language, "set variable", "g├ín 
biß║┐n")).color(hint_color).weak()),
     |                                                                                                           
^^^^^^^^^^ not found in this scope

warning: use of deprecated type alias `eframe::egui::Rounding`: Renamed to CornerRadius
    --> src\ui\mod.rs:3934:34
     |
3934 |             let rounding = egui::Rounding::same(6);
     |                                  ^^^^^^^^
     |
     = note: `#[warn(deprecated)]` on by default

warning: use of deprecated function `eframe::egui::show_tooltip_at_pointer`: Use `egui::Tooltip` instead
    --> src\ui\macro_panel.rs:1532:43
     |
1532 | ...                   egui::show_tooltip_at_pointer(ui.ctx(), ui.layer_id(), response.id.with("group-tip"), 
|ui| {
     |                             ^^^^^^^^^^^^^^^^^^^^^^^

warning: use of deprecated function `eframe::egui::show_tooltip_at_pointer`: Use `egui::Tooltip` instead
    --> src\ui\macro_panel.rs:2050:60
     |
2050 | ...                   egui::show_tooltip_at_pointer(ui.ctx(), ui.layer_id(), response.id.with("preset-tip"), 
|ui| {
     |                             ^^^^^^^^^^^^^^^^^^^^^^^

warning: use of deprecated function `eframe::egui::show_tooltip_at_pointer`: Use `egui::Tooltip` instead
    --> src\ui\macro_panel.rs:4195:61
     |
4195 | ...                   egui::show_tooltip_at_pointer(ui.ctx(), ui.layer_id(), response.id.with("step-tip"), |ui| 
{
     |                             ^^^^^^^^^^^^^^^^^^^^^^^

warning: use of deprecated function `eframe::egui::show_tooltip_text`: Use `egui::Tooltip` instead
   --> src\ui\vision_panel.rs:562:47
    |
562 | ...                   egui::show_tooltip_text(
    |                             ^^^^^^^^^^^^^^^^^

warning: unreachable statement
  --> src\ui\crosshair_panel.rs:10:9
   |
 9 |         return;
   |         ------ any code following this expression is unreachable
10 |         ui.spacing_mut().slider_width = 260.0;
   |         ^^^^^^^^^^^^^^^^^^^^^^^^^^^^^^^^^^^^^^ unreachable statement
   |
   = note: `#[warn(unreachable_code)]` (part of `#[warn(unused)]`) on by default

warning: use of deprecated associated function `eframe::egui::Frame::none`: Use `Frame::NONE` or `Frame::new()` 
instead.
    --> src\ui\macro_panel.rs:2096:58
     |
2096 | ...                   egui::Frame::none()
     |                                    ^^^^

warning: use of deprecated method `eframe::egui::Frame::rounding`: Renamed to `corner_radius`
    --> src\ui\macro_panel.rs:2100:50
     |
2100 | ...                   .rounding(4.0)
     |                        ^^^^^^^^

warning: use of deprecated method `eframe::egui::Ui::close_menu`: Use `ui.close()` or `ui.close_kind(UiKind::Menu)` 
instead
    --> src\ui\macro_panel.rs:3570:73
     |
3570 | ...                   ui.close_menu();
     |                          ^^^^^^^^^^

warning: use of deprecated method `eframe::egui::Ui::close_menu`: Use `ui.close()` or `ui.close_kind(UiKind::Menu)` 
instead
    --> src\ui\macro_panel.rs:3583:73
     |
3583 | ...                   ui.close_menu();
     |                          ^^^^^^^^^^

warning: use of deprecated method `eframe::egui::Ui::close_menu`: Use `ui.close()` or `ui.close_kind(UiKind::Menu)` 
instead
    --> src\ui\macro_panel.rs:3591:73
     |
3591 | ...                   ui.close_menu();
     |                          ^^^^^^^^^^

warning: use of deprecated method `eframe::egui::Ui::close_menu`: Use `ui.close()` or `ui.close_kind(UiKind::Menu)` 
instead
    --> src\ui\macro_panel.rs:3603:69
     |
3603 | ...                   ui.close_menu();
     |                          ^^^^^^^^^^

warning: use of deprecated method `eframe::egui::Ui::close_menu`: Use `ui.close()` or `ui.close_kind(UiKind::Menu)` 
instead
    --> src\ui\macro_panel.rs:3616:73
     |
3616 | ...                   ui.close_menu();
     |                          ^^^^^^^^^^

warning: use of deprecated method `eframe::egui::Ui::close_menu`: Use `ui.close()` or `ui.close_kind(UiKind::Menu)` 
instead
    --> src\ui\macro_panel.rs:3628:69
     |
3628 | ...                   ui.close_menu();
     |                          ^^^^^^^^^^

warning: use of deprecated method `eframe::egui::Ui::close_menu`: Use `ui.close()` or `ui.close_kind(UiKind::Menu)` 
instead
    --> src\ui\macro_panel.rs:3639:69
     |
3639 | ...                   ui.close_menu();
     |                          ^^^^^^^^^^

warning: use of deprecated method `eframe::egui::Ui::close_menu`: Use `ui.close()` or `ui.close_kind(UiKind::Menu)` 
instead
    --> src\ui\macro_panel.rs:5909:72
     |
5909 | ...                   ui.close_menu();
     |                          ^^^^^^^^^^

warning: use of deprecated method `eframe::egui::Ui::close_menu`: Use `ui.close()` or `ui.close_kind(UiKind::Menu)` 
instead
    --> src\ui\macro_panel.rs:5922:72
     |
5922 | ...                   ui.close_menu();
     |                          ^^^^^^^^^^

warning: use of deprecated method `eframe::egui::Ui::close_menu`: Use `ui.close()` or `ui.close_kind(UiKind::Menu)` 
instead
    --> src\ui\macro_panel.rs:5930:72
     |
5930 | ...                   ui.close_menu();
     |                          ^^^^^^^^^^

warning: use of deprecated method `eframe::egui::Ui::close_menu`: Use `ui.close()` or `ui.close_kind(UiKind::Menu)` 
instead
    --> src\ui\macro_panel.rs:5942:68
     |
5942 | ...                   ui.close_menu();
     |                          ^^^^^^^^^^

warning: use of deprecated method `eframe::egui::Ui::close_menu`: Use `ui.close()` or `ui.close_kind(UiKind::Menu)` 
instead
    --> src\ui\macro_panel.rs:5955:72
     |
5955 | ...                   ui.close_menu();
     |                          ^^^^^^^^^^

warning: use of deprecated method `eframe::egui::Ui::close_menu`: Use `ui.close()` or `ui.close_kind(UiKind::Menu)` 
instead
    --> src\ui\macro_panel.rs:5967:68
     |
5967 | ...                   ui.close_menu();
     |                          ^^^^^^^^^^

warning: use of deprecated method `eframe::egui::Ui::close_menu`: Use `ui.close()` or `ui.close_kind(UiKind::Menu)` 
instead
    --> src\ui\macro_panel.rs:5978:68
     |
5978 | ...                   ui.close_menu();
     |                          ^^^^^^^^^^

warning: use of deprecated method `eframe::egui::Context::screen_rect`: screen_rect has been split into 
viewport_rect() and content_rect(). You likely should use content_rect()
    --> src\ui\macro_panel.rs:6539:32
     |
6539 |         ui.add_space((ui.ctx().screen_rect().height() - 250.0).max(0.0));
     |                                ^^^^^^^^^^^

warning: use of deprecated method `eframe::egui::Context::screen_rect`: screen_rect has been split into 
viewport_rect() and content_rect(). You likely should use content_rect()
    --> src\ui\mod.rs:1165:13
     |
1165 |         ctx.screen_rect().shrink(18.0)
     |             ^^^^^^^^^^^

warning: use of deprecated method `eframe::egui::Context::screen_rect`: screen_rect has been split into 
viewport_rect() and content_rect(). You likely should use content_rect()
    --> src\ui\mod.rs:7741:37
     |
7741 |             let screen_center = ctx.screen_rect().center();
     |                                     ^^^^^^^^^^^

warning: unused import: `TextBuffer`
 --> src\ui\settings_panel.rs:5:92
  |
5 | use eframe::egui::{self, Button, RichText, Stroke, Margin, TextEdit, Color32, vec2, Frame, TextBuffer, Order, 
Shadow};
  |                                                                                            ^^^^^^^^^^
  |
  = note: `#[warn(unused_imports)]` (part of `#[warn(unused)]`) on by default

warning: unused import: `TextBuffer`
 --> src\ui\window_panel.rs:2:94
  |
2 | use eframe::egui::{self, Button, RichText, DragValue, Sense, TextEdit, Color32, vec2, Frame, TextBuffer, 
ColorImage, TextureOptions};
  |                                                                                              ^^^^^^^^^^

warning: unused import: `TextBuffer`
 --> src\ui\mouse_panel.rs:2:110
  |
2 | use eframe::egui::{self, Button, RichText, Margin, Slider, DragValue, Sense, TextEdit, Color32, vec2, Frame, 
TextBuffer};
  |                                                                                                              
^^^^^^^^^^

warning: unused import: `TextBuffer`
 --> src\ui\vision_panel.rs:4:106
  |
4 | use eframe::egui::{self, Button, Margin, Slider, DragValue, Sense, TextEdit, Color32, pos2, vec2, Frame, 
TextBuffer, ColorImage, TextureO...
  |                                                                                                          ^^^^^^^^^^

warning: unused import: `TextBuffer`
 --> src\ui\hud_panel.rs:1:76
  |
1 | use eframe::egui::{self, RichText, Slider, Sense, TextEdit, Color32, vec2, TextBuffer};
  |                                                                            ^^^^^^^^^^

warning: unused variable: `capture_target_snapshot`
  --> src\ui\vision_panel.rs:20:13
   |
20 |         let capture_target_snapshot = self.capture_target.clone();
   |             ^^^^^^^^^^^^^^^^^^^^^^^ help: if this is intentional, prefix it with an underscore: 
`_capture_target_snapshot`
   |
   = note: `#[warn(unused_variables)]` (part of `#[warn(unused)]`) on by default

warning: unused variable: `selected_steps_snapshot`
  --> src\ui\vision_panel.rs:21:13
   |
21 |         let selected_steps_snapshot = self.selected_macro_steps.clone();
   |             ^^^^^^^^^^^^^^^^^^^^^^^ help: if this is intentional, prefix it with an underscore: 
`_selected_steps_snapshot`

warning: unused variable: `pending_custom_preset_save`
  --> src\ui\vision_panel.rs:82:13
   |
82 |         let pending_custom_preset_save: Option<()> = None;
   |             ^^^^^^^^^^^^^^^^^^^^^^^^^^ help: if this is intentional, prefix it with an underscore: 
`_pending_custom_preset_save`

warning: unused variable: `open_windows`
   --> src\ui\vision_panel.rs:115:21
    |
115 |                 let open_windows = self.open_windows.clone();
    |                     ^^^^^^^^^^^^ help: if this is intentional, prefix it with an underscore: `_open_windows`

warning: unused variable: `rect_id`
   --> src\ui\hud_panel.rs:450:13
    |
450 |         let rect_id = ui.make_persistent_id((id_source, "toolbox-rect"));
    |             ^^^^^^^ help: if this is intentional, prefix it with an underscore: `_rect_id`

warning: unused variable: `open_windows`
  --> src\ui\command_panel.rs:29:13
   |
29 |         let open_windows = self.open_windows.clone();
   |             ^^^^^^^^^^^^ help: if this is intentional, prefix it with an underscore: `_open_windows`

warning: unused variable: `rect_id`
    --> src\ui\mod.rs:4168:13
     |
4168 |         let rect_id = ui.make_persistent_id((id_source, "timer-rect"));
     |             ^^^^^^^ help: if this is intentional, prefix it with an underscore: `_rect_id`

warning: value assigned to `final_insert_at` is never read
    --> src\ui\mod.rs:5558:17
     |
5558 |         let mut final_insert_at = 0;
     |                 ^^^^^^^^^^^^^^^
     |
     = help: maybe it is overwritten before being read?
     = note: `#[warn(unused_assignments)]` (part of `#[warn(unused)]`) on by default

For more information about this error, try `rustc --explain E0425`.
warning: `MacroNest` (bin "MacroNest") generated 38 warnings
error: could not compile `MacroNest` (bin "MacroNest") due to 14 previous errors; 38 warnings emitted
